Signers:
	Signer's issuer DN: CN=GnuTLS Test CA
	Signer's serial: 4de0b4ca
	Signature Algorithm: RSA-SHA256
	Signed Attributes:
		1.2.840.113549.1.9.15: 306a300b060960864801650304012a300b0609608648016503040116300b0609608648016503040102300a06082a864886f70d0307300e06082a864886f70d030202020080300d06082a864886f70d0302020140300706052b0e030207300d06082a864886f70d0302020128
		1.2.840.113549.1.9.4: 0420ca23e4b39a242dcece33fc776b6c9195595700f92201de19426d2d505576210f
		1.2.840.113549.1.9.5: 170d3135303630313139323232325a
		1.2.840.113549.1.9.3: 06092a864886f70d010701

Number of certificates: 2

-----BEGIN CERTIFICATE-----
MIIDtDCCAmygAwIBAgIETeC0yjANBgkqhkiG9w0BAQsFADAZMRcwFQYDVQQDEw5H
bnVUTFMgVGVzdCBDQTAeFw0xMTA1MjgwODM5MzlaFw0zODEwMTIwODM5NDBaMC8x
LTArBgNVBAMTJEdudVRMUyBUZXN0IFNlcnZlciAoUlNBIGNlcnRpZmljYXRlKTCC
AVIwDQYJKoZIhvcNAQEBBQADggE/ADCCAToCggExALRrJ5glr8H/HsqwfvTYvO1D
hmdUXdq0HsKQX4M8AhH8E3KFsoikZUELdl8jvoqf/nlLczsux0s8vxbJl1U1F/Oh
ckswwuAnlBLzVgDmzoJLEV2kHpv6+rkbKk0Ytbql5gzHqKihbaqIhNyWDrJsHDWq
58eUPfnVx8KiDUuzbnr3CF/FCc0Vkxr3mN8qTGaJJO0f0BZjgWWlWDuhzSVim5mB
VAgXGOx8LwiiOyhXMp0XRwqG+2KxQZnm+96o6iB+8xvuuuqaIWQpkvKtc+UZBZ03
U+IRnxhfIrriiw0AjJ4vp4c9QL5KoqWSCAwuYcBYfJqZ4dasgzklzz4b7eujbZ3L
xTjewcdumzQUvjA+gpAeuUqaduTvMwxGojFy9sNhC/iqZ4n0peV2N6Epn4B5qnUC
AwEAAaOBjTCBijAMBgNVHRMBAf8EAjAAMBQGA1UdEQQNMAuCCWxvY2FsaG9zdDAT
BgNVHSUEDDAKBggrBgEFBQcDATAPBgNVHQ8BAf8EBQMDB6AAMB0GA1UdDgQWBBR2
B1hM6rUp9S2ABoyDSoINCeyT3jAfBgNVHSMEGDAWgBRNVrdqAFjxZ5L0pnVVG45T
AQPvzzANBgkqhkiG9w0BAQsFAAOCATEAdNWmTsh5uIfngyhOWwm7pK2+vgUMY8nH
gMoMFHt0yuxuImcUMXu3LRS1dZSoCJACBpTFGi/Dg2U0qvOHQcEmc3OwNqHB90R3
LG5jUSCtq/bYW7h/6Gd9KeWCgZczaHbQ9IPTjLH1dLswVPt+fXKB6Eh0ggSrGATE
/wRZT/XgDCW8t4C+2+TmJ8ZEzvU87KAPQ9rUBS1+p3EUAR/FfMApApsEig1IZ+ZD
5joaGBW7zh1H0B9mEKidRvD7yuRJyzAcvD25nT15NLW0QR3dEeXosLc720xxJl1h
h8NJ7YOvn323mOjR9er4i4D6iJlXmJ8tvN9vakCankWvBzb7plFn2sfMQqICFpRc
w075D8hdQxfpGffL2tEeKSgjyNHXS7x3dFhUpN3IQjUi2x4f2e/ZXg==
-----END CERTIFICATE-----

-----BEGIN CERTIFICATE-----
MIIDtDCCAmygAwIBAgIETeC0yjANBgkqhkiG9w0BAQsFADAZMRcwFQYDVQQDEw5H
bnVUTFMgVGVzdCBDQTAeFw0xMTA1MjgwODM5MzlaFw0zODEwMTIwODM5NDBaMC8x
LTArBgNVBAMTJEdudVRMUyBUZXN0IFNlcnZlciAoUlNBIGNlcnRpZmljYXRlKTCC
AVIwDQYJKoZIhvcNAQEBBQADggE/ADCCAToCggExALRrJ5glr8H/HsqwfvTYvO1D
hmdUXdq0HsKQX4M8AhH8E3KFsoikZUELdl8jvoqf/nlLczsux0s8vxbJl1U1F/Oh
ckswwuAnlBLzVgDmzoJLEV2kHpv6+rkbKk0Ytbql5gzHqKihbaqIhNyWDrJsHDWq
58eUPfnVx8KiDUuzbnr3CF/FCc0Vkxr3mN8qTGaJJO0f0BZjgWWlWDuhzSVim5mB
VAgXGOx8LwiiOyhXMp0XRwqG+2KxQZnm+96o6iB+8xvuuuqaIWQpkvKtc+UZBZ03
U+IRnxhfIrriiw0AjJ4vp4c9QL5KoqWSCAwuYcBYfJqZ4dasgzklzz4b7eujbZ3L
xTjewcdumzQUvjA+gpAeuUqaduTvMwxGojFy9sNhC/iqZ4n0peV2N6Epn4B5qnUC
AwEAAaOBjTCBijAMBgNVHRMBAf8EAjAAMBQGA1UdEQQNMAuCCWxvY2FsaG9zdDAT
BgNVHSUEDDAKBggrBgEFBQcDATAPBgNVHQ8BAf8EBQMDB6AAMB0GA1UdDgQWBBR2
B1hM6rUp9S2ABoyDSoINCeyT3jAfBgNVHSMEGDAWgBRNVrdqAFjxZ5L0pnVVG45T
AQPvzzANBgkqhkiG9w0BAQsFAAOCATEAdNWmTsh5uIfngyhOWwm7pK2+vgUMY8nH
gMoMFHt0yuxuImcUMXu3LRS1dZSoCJACBpTFGi/Dg2U0qvOHQcEmc3OwNqHB90R3
LG5jUSCtq/bYW7h/6Gd9KeWCgZczaHbQ9IPTjLH1dLswVPt+fXKB6Eh0ggSrGATE
/wRZT/XgDCW8t4C+2+TmJ8ZEzvU87KAPQ9rUBS1+p3EUAR/FfMApApsEig1IZ+ZD
5joaGBW7zh1H0B9mEKidRvD7yuRJyzAcvD25nT15NLW0QR3dEeXosLc720xxJl1h
h8NJ7YOvn323mOjR9er4i4D6iJlXmJ8tvN9vakCankWvBzb7plFn2sfMQqICFpRc
w075D8hdQxfpGffL2tEeKSgjyNHXS7x3dFhUpN3IQjUi2x4f2e/ZXg==
-----END CERTIFICATE-----

