Signers:
	Signer's issuer DN: CN=GnuTLS Test CA
	Signer's serial: 00
	Signature Algorithm: RSA-SHA256
	Signed Attributes:
		1.2.840.113549.1.9.15: 306a300b060960864801650304012a300b0609608648016503040116300b0609608648016503040102300a06082a864886f70d0307300e06082a864886f70d030202020080300d06082a864886f70d0302020140300706052b0e030207300d06082a864886f70d0302020128
		1.2.840.113549.1.9.4: 0420aadc1955c030f723e9d89ed9d486b4eef5b0d1c6945be0dd6b7b340d42928ec9
		1.2.840.113549.1.9.5: 170d3135303533313036343633385a
		1.2.840.113549.1.9.3: 06092a864886f70d010701

Number of certificates: 1

-----BEGIN CERTIFICATE-----
MIIDUDCCAgigAwIBAgIBADANBgkqhkiG9w0BAQsFADAZMRcwFQYDVQQDEw5HbnVU
TFMgVGVzdCBDQTAeFw0xMTA1MjgwODM2MzBaFw0zODEwMTIwODM2MzNaMBkxFzAV
BgNVBAMTDkdudVRMUyBUZXN0IENBMIIBUjANBgkqhkiG9w0BAQEFAAOCAT8AMIIB
OgKCATEAnORCsX1unl//fy2d1054XduIg/3CqVBaT3Hca65SEoDwh0KiPtQoOgZL
dKY2cobGs/ojYtOjcs0KnlPYdmtjEh6WEhuJU95v4TQdC4OLMiE56eIGq252hZAb
HoTL84Q14DxQWGuzQK830iml7fbw2WcIcRQ8vFGs8SzfXw63+MI6Fq6iMAQIqP08
WzGmRRzL5wvCiPhCVkrPmwbXoABub6AAsYwWPJB91M9/lx5gFH5k9/iPfi3s2Kg3
F8MOcppqFYjxDSnsfiz6eMh1+bYVIAo367vGVYHigXMEZC2FezlwIHaZzpEoFlY3
a7LFJ00yrjQ910r8UE+CEMTYzE40D0olCMo7FA9RCjeO3bUIoYaIdVTUGWEGHWSe
oxGei9Gkm6u+ASj8f+i0jxdD2qXsewIDAQABo0MwQTAPBgNVHRMBAf8EBTADAQH/
MA8GA1UdDwEB/wQFAwMHBgAwHQYDVR0OBBYEFE1Wt2oAWPFnkvSmdVUbjlMBA+/P
MA0GCSqGSIb3DQEBCwUAA4IBMQAesOgjGFi1zOYpA/N3gkUVRcBHDxmN7g2yOcqH
VfhFc+e4zhOehR11WCt2RgzNlnYVmV5zBmQBdTAt8Po/MVhLCDW1BULHlLvL0DFc
4sB1RlcGeQcCKQa4b+Q9VWf4f6TfuEWZQC5j5stiXjVgOqrOMrzKZ2eKWA4JsL9s
V+7ANSZE+hOt1X1mA8moyqe95U2Ecih+nFJSWSBd1WFiEzVnXv4FVWPXbH9HERDK
VbasjofWWmQO1YlQPishLgm1IbwqOkOk4sDgoLuUZ4GgP0DDeN6EmRDOzByrv+9u
f45Bl9IQf4IJNPLU9lEqjyMOydqT6kBi7fjV5ICuQZ4EeVJsOGuX7PqNyoDzJHLv
ferRfNLr6eQSHSxBhS0cVyDjb5gCawK6u7xTU+b7xikEie9k
-----END CERTIFICATE-----

